Command: .\.venv\Scripts\python.exe -m pytest -q

Output:
........                                                                 [100%]
============================== warnings summary =============================== 
tests/test_runtime.py::test_pytest_version
  E:\Bug Bash\12_1\oswe-mini-m19a2s435-org\tests\test_runtime.py:69: UserWarning
: pkg_resources is deprecated as an API. See https://setuptools.pypa.io/en/latest/pkg_resources.html. The pkg_resources package is slated for removal as early as 2025-11-30. Refrain from using this package or pin to Setuptools<81.              import pkg_resources

-- Docs: https://docs.pytest.org/en/stable/how-to/capture-warnings.html
8 passed, 1 warning in 12.19s
